<?xml version="1.0" encoding="UTF-8"?>
<TestRun id="e5447972-c21d-4cf1-a3b2-4d27a4449a19" name="P004785@CDCDSGH426R5BR 2014-12-03 17:31:30" runUser="MCP\P004785" xmlns="http://microsoft.com/schemas/VisualStudio/TeamTest/2010">
  <TestSettings name="Local" id="e514b1e4-3e3e-4abd-9dae-d21b6762350c">
    <Description>These are default test settings for a local test run.</Description>
    <Deployment enabled="false" runDeploymentRoot="P004785_CDCDSGH426R5BR 2014-12-03 17_31_30">
      <DeploymentItem filename="D:\Projz\Panacea\Panacea\bin\Debug\Panacea.dll" />
    </Deployment>
    <Execution>
      <TestTypeSpecific />
      <AgentRule name="Execution Agents">
      </AgentRule>
    </Execution>
  </TestSettings>
  <Times creation="2014-12-03T17:31:30.7371644+08:00" queuing="2014-12-03T17:31:31.9842891+08:00" start="2014-12-03T17:31:32.0332940+08:00" finish="2014-12-03T17:31:36.2267133+08:00" />
  <ResultSummary outcome="Error">
    <Counters total="1" executed="1" error="0" failed="0" timeout="0" aborted="1" inconclusive="0" passedButRunAborted="0" notRunnable="0" notExecuted="0" disconnected="0" warning="0" passed="0" completed="0" inProgress="0" pending="0" />
    <RunInfos>
      <RunInfo computerName="CDCDSGH426R5BR" outcome="Error" timestamp="2014-12-03T17:31:36.2257132+08:00">
        <Text>Test host process exited unexpectedly.</Text>
      </RunInfo>
    </RunInfos>
  </ResultSummary>
  <TestDefinitions>
    <UnitTest name="TestShuffle" storage="d:\projz\panacea\panacea.tests\bin\debug\panacea.tests.dll" id="b69102e2-5606-5f46-17c6-fe98f5b32fac">
      <Execution id="b575c6a8-8d7c-4828-835f-310f319fe748" />
      <TestMethod codeBase="D:/Projz/Panacea/Panacea.Tests/bin/Debug/Panacea.Tests.DLL" adapterTypeName="Microsoft.VisualStudio.TestTools.TestTypes.Unit.UnitTestAdapter, Microsoft.VisualStudio.QualityTools.Tips.UnitTest.Adapter, Version=10.0.0.0, Culture=neutral, PublicKeyToken=b03f5f7f11d50a3a" className="Panacea.Tests.CoreTests, Panacea.Tests, Version=1.0.0.0, Culture=neutral, PublicKeyToken=null" name="TestShuffle" />
    </UnitTest>
  </TestDefinitions>
  <TestLists>
    <TestList name="Results Not in a List" id="8c84fa94-04c1-424b-9868-57a2d4851a1d" />
    <TestList name="All Loaded Results" id="19431567-8539-422a-85d7-44ee4e166bda" />
  </TestLists>
  <TestEntries>
    <TestEntry testId="b69102e2-5606-5f46-17c6-fe98f5b32fac" executionId="b575c6a8-8d7c-4828-835f-310f319fe748" testListId="8c84fa94-04c1-424b-9868-57a2d4851a1d" />
  </TestEntries>
  <Results>
    <UnitTestResult executionId="b575c6a8-8d7c-4828-835f-310f319fe748" testId="b69102e2-5606-5f46-17c6-fe98f5b32fac" testName="TestShuffle" computerName="CDCDSGH426R5BR" duration="00:00:04.1254125" startTime="2014-12-03T17:31:32.1013008+08:00" endTime="2014-12-03T17:31:36.2267133+08:00" testType="13cdc9d9-ddb5-4fa4-a97d-d965ccfc6d4b" outcome="Aborted" testListId="8c84fa94-04c1-424b-9868-57a2d4851a1d" relativeResultsDirectory="b575c6a8-8d7c-4828-835f-310f319fe748">
    </UnitTestResult>
  </Results>
</TestRun>